---
source: rustdx-cmd/examples/excel_and_online.rs
expression: "&east - &exchange"
---
{
    "002618",
    "301203",
    "000658",
    "600003",
    "000013",
    "600205",
    "000660",
    "000015",
    "000618",
    "600806",
    "601558",
    "600762",
    "600614",
    "600840",
    "600068",
    "000956",
    "688352",
    "000693",
    "300090",
    "301307",
    "600788",
    "000587",
    "002473",
    "300312",
    "600701",
    "000662",
    "000502",
    "603125",
    "000835",
    "000765",
    "000748",
    "600659",
    "600891",
    "000689",
    "000602",
    "600001",
    "600709",
    "600631",
    "000673",
    "300362",
    "000594",
    "002070",
    "600401",
    "002509",
    "000832",
    "002071",
    "688484",
    "000033",
    "000515",
    "000508",
    "000787",
    "600656",
    "600146",
    "002477",
    "600357",
    "600856",
    "688507",
    "002770",
    "600677",
    "301360",
    "000687",
    "600553",
    "001286",
    "600849",
    "301387",
    "600625",
    "600240",
    "000939",
    "000527",
    "600669",
    "600786",
    "002450",
    "300325",
    "301281",
    "600852",
    "600139",
    "000653",
    "000621",
    "688539",
    "600286",
    "002260",
    "600870",
    "600090",
    "000412",
    "000549",
    "000613",
    "600890",
    "000916",
    "600700",
    "002018",
    "600627",
    "600772",
    "002619",
    "600275",
    "300372",
    "600087",
    "000418",
    "300367",
    "000583",
    "300064",
    "300156",
    "600065",
    "300104",
    "000018",
    "600991",
    "000588",
    "600260",
    "002147",
    "600555",
    "600270",
    "600432",
    "000562",
    "002680",
    "000535",
    "002359",
    "600247",
    "600842",
    "001328",
    "600102",
    "600093",
    "600632",
    "300216",
    "002143",
    "600680",
    "000817",
    "600002",
    "002220",
    "600896",
    "600263",
    "600485",
    "603135",
    "000511",
    "600145",
    "600695",
    "600086",
    "000611",
    "688343",
    "600253",
    "001367",
    "000003",
    "000406",
    "600646",
    "600813",
    "600311",
    "600091",
    "601133",
    "000805",
    "000024",
    "600591",
    "600899",
    "000827",
    "600832",
    "600385",
    "300028",
    "000522",
    "000569",
    "600672",
    "000699",
    "000780",
    "301429",
    "600181",
    "600296",
    "000730",
    "601061",
    "000769",
    "600069",
    "001287",
    "000585",
    "600175",
    "600878",
    "002464",
    "600607",
    "000578",
    "603137",
    "688433",
    "600799",
    "600005",
    "600652",
    "601268",
    "600291",
    "002447",
    "600978",
    "300202",
    "688535",
    "600634",
    "603996",
    "688146",
    "600472",
    "601065",
    "601299",
    "000675",
    "600752",
    "000542",
    "300038",
    "600670",
    "000047",
    "300186",
    "600687",
    "000866",
    "300023",
    "000979",
    "600074",
    "001360",
    "002013",
    "002684",
    "688478",
    "600723",
    "600092",
    "000405",
    "002604",
    "600747",
    "300178",
    "600317",
    "301357",
    "000556",
    "603157",
    "000760",
    "000763",
    "600209",
    "300431",
    "002711",
}
