---
source: tests/tcp.rs
expression: list.count

---
1000
