---
source: rustdx-cmd/examples/excel_and_online.rs
expression: "&east - &exchange"
---
{}
